// Jest Snapshot v1, https://goo.gl/fbAQLP

exports[`renders the Sign In Screen 1`] = `
<View
  style={
    Array [
      Object {
        "backgroundColor": "#fff",
      },
      Object {
        "padding": 20,
      },
    ]
  }
>
  <TextInput
    allowFontScaling={true}
    onChangeText={[Function]}
    placeholder="email@email.com"
    rejectResponderTermination={true}
    style={
      Array [
        Object {
          "color": "#000",
        },
        Object {
          "fontSize": 18,
          "marginVertical": 25,
          "width": "100%",
        },
      ]
    }
    testID="SignIn.Email"
    underlineColorAndroid="transparent"
    value=""
  />
  <TextInput
    allowFontScaling={true}
    onChangeText={[Function]}
    placeholder="password"
    rejectResponderTermination={true}
    secureTextEntry={true}
    style={
      Array [
        Object {
          "color": "#000",
        },
        Object {
          "fontSize": 18,
          "marginVertical": 25,
          "width": "100%",
        },
      ]
    }
    testID="SignIn.Password"
    underlineColorAndroid="transparent"
    value=""
  />
  <View
    accessible={true}
    focusable={true}
    onBlur={[Function]}
    onClick={[Function]}
    onFocus={[Function]}
    onResponderGrant={[Function]}
    onResponderMove={[Function]}
    onResponderRelease={[Function]}
    onResponderTerminate={[Function]}
    onResponderTerminationRequest={[Function]}
    onStartShouldSetResponder={[Function]}
    style={
      Object {
        "alignItems": "center",
        "backgroundColor": "#ed706E",
        "borderRadius": 5,
        "height": 50,
        "justifyContent": "center",
        "marginTop": 30,
      }
    }
    testID="SignIn.Button"
  >
    <Text
      style={
        Array [
          Object {
            "color": "#000",
          },
          Object {
            "color": "white",
            "fontSize": 18,
            "fontWeight": "bold",
          },
        ]
      }
    >
      Sign In
    </Text>
  </View>
  <View
    accessible={true}
    focusable={true}
    onBlur={[Function]}
    onClick={[Function]}
    onFocus={[Function]}
    onResponderGrant={[Function]}
    onResponderMove={[Function]}
    onResponderRelease={[Function]}
    onResponderTerminate={[Function]}
    onResponderTerminationRequest={[Function]}
    onStartShouldSetResponder={[Function]}
    style={
      Object {
        "alignItems": "center",
        "borderRadius": 5,
        "height": 50,
        "justifyContent": "center",
        "marginTop": 30,
      }
    }
  >
    <Text
      style={
        Array [
          Object {
            "color": "#000",
          },
          Object {
            "color": "#ed706E",
            "fontSize": 18,
            "fontWeight": "bold",
          },
        ]
      }
    >
      New here? Sign up
    </Text>
  </View>
</View>
`;
